script is              The time is :           on server
---------------------- ----------------------- --------------------------------------------------------------------------------------------------------------------------------
505_SRV1_i_AddressType 2016-09-22 21:28:51.227 WIN-CK1GU04TCNH\SQL2K14BI

(1 row(s) affected)

Before image
AddressType count
-----------------
6

(1 row(s) affected)

AddressTypeID Name                                               rowguid                              ModifiedDate
------------- -------------------------------------------------- ------------------------------------ -----------------------

(0 row(s) affected)

Update Begin

(1 row(s) affected)
Update Done
After image
AddressType count
-----------------
7

(1 row(s) affected)

AddressTypeID Name                                               rowguid                              ModifiedDate
------------- -------------------------------------------------- ------------------------------------ -----------------------
9             Postal                                             B8A70187-AD98-41F6-AE18-57617F6A7AA2 2016-09-22 21:28:51.267

(1 row(s) affected)

script is              The time is :           on server
---------------------- ----------------------- --------------------------------------------------------------------------------------------------------------------------------
505_SRV1_i_AddressType 2016-09-22 21:28:51.333 WIN-CK1GU04TCNH\SQL2K14BI

(1 row(s) affected)

